[jsiegel@emch-ossdev-firedancer6 ~/repos/firedancer](collector) mmake run-runtime-test
make: Entering directory '/data/jsiegel/repos/firedancer-private'
Using MACHINE=linux_gcc_x86_64
Using EXTRAS=
export EXTRAS="asan" && export LSAN_OPTIONS="suppressions=`pwd`/lsan-suppressed.cc" && src/flamenco/runtime/run_ledger_tests.sh
+ '[' NO == YES ']'
+ build/linux/gcc/x86_64/bin/fd_frank_ledger --rocksdb test-ledger-4/rocksdb --genesis test-ledger-4/genesis.bin --cmd ingest --indexmax 10000 --txnmax 100 --backup test_ledger_backup
--log-path not specified; using autogenerated path
Log at "/tmp/fd-0.0.0_221669_jsiegel_emch-ossdev-firedancer6_2023_07_17_19_07_22_414191316_GMT+00"
NOTICE  07-17 19:07:22.414864 221669 f0   0    src/app/ledger/main.c(455): --wksp not specified, using an anonymous local workspace
NOTICE  07-17 19:07:22.757873 221669 f0   0    src/app/ledger/main.c(510): funky at global address 0x00000000014ff080
NOTICE  07-17 19:07:22.760697 221669 f0   0    src/flamenco/runtime/fd_runtime.c(939): saved banks_hash HefgeadzUE7vSJfv9rp59kNKaTkhxNmXh7vCsqXz4AMp  poh_hash 5JKDA4q1KLSDkSsemEGS9uYQiZnWKdRY2sZP9bn4bsqy
NOTICE  07-17 19:07:22.774301 221669 f0   0    src/app/ledger/main.c(299): ingesting rocksdb from start=0 to end=25
NOTICE  07-17 19:07:22.774982 221669 f0   0    src/app/ledger/main.c(417): ingested 25 blocks
NOTICE  07-17 19:07:22.774991 221669 f0   0    src/app/ledger/main.c(761): writing test_ledger_backup
Log at "/tmp/fd-0.0.0_221669_jsiegel_emch-ossdev-firedancer6_2023_07_17_19_07_22_414191316_GMT+00"
+ build/linux/gcc/x86_64/unit-test/test_runtime --load test_ledger_backup --cmd replay --end-slot 25 --confirm_hash AsHedZaZkabNtB8XBiKWQkKwaeLy2y4Hrqm6MkQALT5h --confirm_parent CvgPeR54qpVRZGBuiQztGXecxSXREPfTF8wALujK4WdE --confirm_account_delta 7PL6JZgcNy5vkPSc6JsMHET9dvpvsFMWR734VtCG29xN --confirm_signature 2 --confirm_last_block G4YL2SieHDGNZGjiwBsJESK7jMDfazg33ievuCwbkjrv --validate true
--log-path not specified; using autogenerated path
Log at "/tmp/fd-0.0.0_221772_jsiegel_emch-ossdev-firedancer6_2023_07_17_19_07_22_782643701_GMT+00"
NOTICE  07-17 19:07:22.783362 221772 f0   0    src/flamenco/runtime/test_runtime.c(378): --wksp not specified, using an anonymous workspace with 5 pages
NOTICE  07-17 19:07:23.125199 221772 f0   0    src/flamenco/runtime/test_runtime.c(399): creating new funk db, index_max=1000000 xactions_max=100
NOTICE  07-17 19:07:23.132160 221772 f0   0    src/flamenco/runtime/test_runtime.c(419): funky at global address 0x4fec80
NOTICE  07-17 19:07:23.132177 221772 f0   0    src/flamenco/runtime/test_runtime.c(441): loading test_ledger_backup
WARNING 07-17 19:07:23.132464 221772 f0   0    src/flamenco/runtime/test_runtime.c(447): starting validate
WARNING 07-17 19:07:23.157925 221772 f0   0    src/flamenco/runtime/test_runtime.c(450): finishing validate
NOTICE  07-17 19:07:23.158266 221772 f0   0    src/flamenco/runtime/test_runtime.c(454): reading banks record
WARNING 07-17 19:07:23.158330 221772 f0   0    src/flamenco/runtime/test_runtime.c(470): decoded slot=18446744073709551615 banks_hash=HefgeadzUE7vSJfv9rp59kNKaTkhxNmXh7vCsqXz4AMp poh_hash 5JKDA4q1KLSDkSsemEGS9uYQiZnWKdRY2sZP9bn4bsqy
NOTICE  07-17 19:07:23.158723 221772 f0   0    src/flamenco/runtime/test_runtime.c(249): reading slot 0 (epoch 0)
NOTICE  07-17 19:07:23.159030 221772 f0   0    src/flamenco/runtime/fd_runtime.c(939): saved banks_hash HefgeadzUE7vSJfv9rp59kNKaTkhxNmXh7vCsqXz4AMp  poh_hash 5JKDA4q1KLSDkSsemEGS9uYQiZnWKdRY2sZP9bn4bsqy
NOTICE  07-17 19:07:23.159039 221772 f0   0    src/flamenco/runtime/test_runtime.c(249): reading slot 1 (epoch 0)
NOTICE  07-17 19:07:23.159769 221772 f0   0    src/flamenco/runtime/fd_runtime.c(939): saved banks_hash EQs1TaxvVjrcmZnmkyNyoTN3d5cN5PEN9axhFHoNdQdA  poh_hash 3jEj8iF4GB6oCQVjuDyq1dsFZDjEnx9Q3xU6VsRtorpi
NOTICE  07-17 19:07:23.159777 221772 f0   0    src/flamenco/runtime/test_runtime.c(249): reading slot 2 (epoch 0)
NOTICE  07-17 19:07:23.159867 221772 f0   0    src/flamenco/runtime/fd_runtime.c(191): executing txn -  slot: 2, txn_idx_in_block: 1, mblk: 0, txn_idx: 0, sig: YHt1VrN6LKD3oknMNo3L4RdcrjLsNzdXZFgdTNdKTEnNTBCGWmDyxTcoivuYD8M8uFkaj8FAKVBsDJZBA1sF3my
NOTICE  07-17 19:07:23.160393 221772 f0   0    src/flamenco/runtime/fd_runtime.c(939): saved banks_hash GKCFbaz87ef5f9FStNEGEZx6puYSV21d2FY5KG5M1uMr  poh_hash 9YyVXiJq326Cx4CRBEajTLH4s5QRDRWvwUqk8tQFWLbG
WARNING 07-17 19:07:23.160403 221772 f0   0    src/flamenco/runtime/test_runtime.c(294): Bank hash mismatch! slot=2 expected=7x2rcxyrRnVdbEy9BpJZhkJi5rz36ZhSq4nMAKvSKjJ4, got=GKCFbaz87ef5f9FStNEGEZx6puYSV21d2FY5KG5M1uMr
NOTICE  07-17 19:07:23.160704 221772 f0   0    src/flamenco/runtime/test_runtime.c(249): reading slot 3 (epoch 0)
NOTICE  07-17 19:07:23.160755 221772 f0   0    src/flamenco/runtime/sysvar/fd_sysvar_clock.c(154): stk: 1 0
NOTICE  07-17 19:07:23.160764 221772 f0   0    src/flamenco/runtime/sysvar/fd_sysvar_clock.c(155): clk.slot: 2, el.slot: 2, el.ts: 1681389377, sl_dur: 400000000 stk_w: 0, treap_sz: 0, estimate = 1681389377
NOTICE  07-17 19:07:23.160815 221772 f0   0    src/flamenco/runtime/fd_runtime.c(191): executing txn -  slot: 3, txn_idx_in_block: 1, mblk: 0, txn_idx: 0, sig: 3gHJJHr8WqRzFpucn72SAnHx9CmEWHsBWRcTx64VQyzsbjxNN9zsipxM1iDWJRLhFxevARAFBXYyirNe5g5i5RAi
NOTICE  07-17 19:07:23.161321 221772 f0   0    src/flamenco/runtime/fd_runtime.c(939): saved banks_hash 9avZVvwJ7psZkDr7mVsEtHdU9AGiPLXP2KrEPm4doFGp  poh_hash 8dug29AahPaAwnWAkPVdD7z1fi9g4UzHZtme1wh9SPBK
WARNING 07-17 19:07:23.161331 221772 f0   0    src/flamenco/runtime/test_runtime.c(294): Bank hash mismatch! slot=3 expected=Hu7cWPMQ4nx3GiF2R5WbNLuXR65BNHWK7Tz54zo1j5Gi, got=9avZVvwJ7psZkDr7mVsEtHdU9AGiPLXP2KrEPm4doFGp
NOTICE  07-17 19:07:23.161615 221772 f0   0    src/flamenco/runtime/test_runtime.c(249): reading slot 4 (epoch 0)
NOTICE  07-17 19:07:23.161663 221772 f0   0    src/flamenco/runtime/sysvar/fd_sysvar_clock.c(154): stk: 1 0
NOTICE  07-17 19:07:23.161668 221772 f0   0    src/flamenco/runtime/sysvar/fd_sysvar_clock.c(155): clk.slot: 3, el.slot: 3, el.ts: 1681389377, sl_dur: 400000000 stk_w: 0, treap_sz: 0, estimate = 1681389377
NOTICE  07-17 19:07:23.161721 221772 f0   0    src/flamenco/runtime/fd_runtime.c(191): executing txn -  slot: 4, txn_idx_in_block: 1, mblk: 0, txn_idx: 0, sig: 2KeGUB2wRUCQFKCH69vjsQWLqiHiPYDdh2mbg818KQHVdY2aJ4JzEqJtqon4niAuGcNyeH1qYa3rizoPSrSwMQ4z
NOTICE  07-17 19:07:23.162231 221772 f0   0    src/flamenco/runtime/fd_runtime.c(939): saved banks_hash 2wUjAau3qLSe6fp3SFtPuGMeRYRLQTG46HTqBAsAWY6g  poh_hash 446ocMDRcMkScqnyDUYF4erDQeSYG3G4jgWXUrpE2D3j
WARNING 07-17 19:07:23.162241 221772 f0   0    src/flamenco/runtime/test_runtime.c(294): Bank hash mismatch! slot=4 expected=GxpDMjUErjM91vhhs6aHENSrrSFYPfY6YcC17abyHhHn, got=2wUjAau3qLSe6fp3SFtPuGMeRYRLQTG46HTqBAsAWY6g
NOTICE  07-17 19:07:23.162526 221772 f0   0    src/flamenco/runtime/test_runtime.c(249): reading slot 5 (epoch 0)
NOTICE  07-17 19:07:23.162574 221772 f0   0    src/flamenco/runtime/sysvar/fd_sysvar_clock.c(154): stk: 1 0
NOTICE  07-17 19:07:23.162579 221772 f0   0    src/flamenco/runtime/sysvar/fd_sysvar_clock.c(155): clk.slot: 4, el.slot: 4, el.ts: 1681389378, sl_dur: 400000000 stk_w: 0, treap_sz: 0, estimate = 1681389378
NOTICE  07-17 19:07:23.162632 221772 f0   0    src/flamenco/runtime/fd_runtime.c(191): executing txn -  slot: 5, txn_idx_in_block: 1, mblk: 0, txn_idx: 0, sig: yjFHWgVnZVSyyr37tEvuXY37mXWmrB5greQ2aaecbew7xdHu1W2VS1Eg5QC1fKcTmQ82V9iHwMgrP52mAjU1Znb
NOTICE  07-17 19:07:23.163136 221772 f0   0    src/flamenco/runtime/fd_runtime.c(939): saved banks_hash CcenniuMX6PLK95s7kYbTZUJd4xSAH4UvyVcYHeDiuW9  poh_hash uLpdDVfBy3JPYY9yGH9no9VT4ZshaaJkSkezTB2ArQp
WARNING 07-17 19:07:23.163145 221772 f0   0    src/flamenco/runtime/test_runtime.c(294): Bank hash mismatch! slot=5 expected=9HmdAwbmchj1H1N1Gi8AYpoKRLS8NfXZPSzuiPGcyJjP, got=CcenniuMX6PLK95s7kYbTZUJd4xSAH4UvyVcYHeDiuW9
NOTICE  07-17 19:07:23.163429 221772 f0   0    src/flamenco/runtime/test_runtime.c(249): reading slot 6 (epoch 0)
NOTICE  07-17 19:07:23.163476 221772 f0   0    src/flamenco/runtime/sysvar/fd_sysvar_clock.c(154): stk: 1 0
NOTICE  07-17 19:07:23.163482 221772 f0   0    src/flamenco/runtime/sysvar/fd_sysvar_clock.c(155): clk.slot: 5, el.slot: 5, el.ts: 1681389379, sl_dur: 400000000 stk_w: 0, treap_sz: 0, estimate = 1681389379
NOTICE  07-17 19:07:23.163535 221772 f0   0    src/flamenco/runtime/fd_runtime.c(191): executing txn -  slot: 6, txn_idx_in_block: 1, mblk: 0, txn_idx: 0, sig: 3gpoS44fxCTCsWHBnYt7rjYKSkwPLJybavagWFviGyVATJsysAuj4Xk6UEtGcr8g8y28LNCKcDhYF8ngHrHhGqrF
NOTICE  07-17 19:07:23.164039 221772 f0   0    src/flamenco/runtime/fd_runtime.c(939): saved banks_hash 97SYQMDe7B4XQrD78aMkUS4MTBNBUXLChHwnDpaUYEGm  poh_hash 7uKio977hysm2rvooKTsrZ5e8NmnSPM6WPTkcxsryc3G
WARNING 07-17 19:07:23.164046 221772 f0   0    src/flamenco/runtime/test_runtime.c(294): Bank hash mismatch! slot=6 expected=8opJG4mpxrNtcCMG3Yx2p3xSVgC1Ae1o81X26oqjgFAY, got=97SYQMDe7B4XQrD78aMkUS4MTBNBUXLChHwnDpaUYEGm
NOTICE  07-17 19:07:23.164330 221772 f0   0    src/flamenco/runtime/test_runtime.c(249): reading slot 7 (epoch 0)
NOTICE  07-17 19:07:23.164380 221772 f0   0    src/flamenco/runtime/sysvar/fd_sysvar_clock.c(154): stk: 1 0
NOTICE  07-17 19:07:23.164385 221772 f0   0    src/flamenco/runtime/sysvar/fd_sysvar_clock.c(155): clk.slot: 6, el.slot: 6, el.ts: 1681389379, sl_dur: 400000000 stk_w: 0, treap_sz: 0, estimate = 1681389379
NOTICE  07-17 19:07:23.164436 221772 f0   0    src/flamenco/runtime/fd_runtime.c(191): executing txn -  slot: 7, txn_idx_in_block: 1, mblk: 0, txn_idx: 0, sig: 5VnSPdSQUereue5WL9C4Kpr5jcNgBiAKaGGHtZ6dvbzdAQ2m2mmULGpxMkeLZw9eAfhY1vtjgftDaZSP5qTLXCZU
NOTICE  07-17 19:07:23.164937 221772 f0   0    src/flamenco/runtime/fd_runtime.c(939): saved banks_hash DsDYR2MELFDgiPs6Ey8JFoSmasBVA8ksvs29HYLGLr2S  poh_hash 4oDexBJ9h9BTVhsQUGDTy1bfx2QBebqhwBS17tppo5gN
WARNING 07-17 19:07:23.164944 221772 f0   0    src/flamenco/runtime/test_runtime.c(294): Bank hash mismatch! slot=7 expected=3JZg8y4NCw3raKWjziXYVqxwYg2wQ2nJ1Ngv4dFxmGiC, got=DsDYR2MELFDgiPs6Ey8JFoSmasBVA8ksvs29HYLGLr2S
NOTICE  07-17 19:07:23.165229 221772 f0   0    src/flamenco/runtime/test_runtime.c(249): reading slot 8 (epoch 0)
NOTICE  07-17 19:07:23.165278 221772 f0   0    src/flamenco/runtime/sysvar/fd_sysvar_clock.c(154): stk: 1 0
NOTICE  07-17 19:07:23.165283 221772 f0   0    src/flamenco/runtime/sysvar/fd_sysvar_clock.c(155): clk.slot: 7, el.slot: 7, el.ts: 1681389380, sl_dur: 400000000 stk_w: 0, treap_sz: 0, estimate = 1681389380
NOTICE  07-17 19:07:23.165333 221772 f0   0    src/flamenco/runtime/fd_runtime.c(191): executing txn -  slot: 8, txn_idx_in_block: 1, mblk: 0, txn_idx: 0, sig: 3EusdxPeqoWsTsFVvF3khYyKDTJfzdpqASWP7jHBidxjAjmH8QKFiiGeRxGNm7WDtsXrVxJ7RSQWfrwt4sVfqsox
NOTICE  07-17 19:07:23.165836 221772 f0   0    src/flamenco/runtime/fd_runtime.c(939): saved banks_hash E5dywpbcijd8eLZBLbk1Mr3ZDUDgrAAonycD9Y5An6xV  poh_hash 6PR5H9o7UduWFHVEVsuF2uePrACiZpSmWjqoXiA3hPc6
WARNING 07-17 19:07:23.165846 221772 f0   0    src/flamenco/runtime/test_runtime.c(294): Bank hash mismatch! slot=8 expected=3Xjeq1NZaubrYrfWouzY3GVGUbPSt75tAEAgH3cw3Esq, got=E5dywpbcijd8eLZBLbk1Mr3ZDUDgrAAonycD9Y5An6xV
NOTICE  07-17 19:07:23.166137 221772 f0   0    src/flamenco/runtime/test_runtime.c(249): reading slot 9 (epoch 0)
NOTICE  07-17 19:07:23.166188 221772 f0   0    src/flamenco/runtime/sysvar/fd_sysvar_clock.c(154): stk: 1 0
NOTICE  07-17 19:07:23.166195 221772 f0   0    src/flamenco/runtime/sysvar/fd_sysvar_clock.c(155): clk.slot: 8, el.slot: 8, el.ts: 1681389380, sl_dur: 400000000 stk_w: 0, treap_sz: 0, estimate = 1681389380
NOTICE  07-17 19:07:23.166246 221772 f0   0    src/flamenco/runtime/fd_runtime.c(191): executing txn -  slot: 9, txn_idx_in_block: 1, mblk: 0, txn_idx: 0, sig: 4CHuVY9ntc31AwhpxWx3Gy45Rva9vwFCGMBHPoRvAatqTFvc52fYqcu3g3yuhcohVC6cLpEDQrUPKB7CfBUopRY4
NOTICE  07-17 19:07:23.166264 221772 f0   0    src/flamenco/runtime/fd_runtime.c(191): executing txn -  slot: 9, txn_idx_in_block: 2, mblk: 0, txn_idx: 0, sig: 5qJdLHF1UKpga8CEKCHXE2vmLbF8xs9GHxEW785NhUKPZLJgiurNv94GmcNQGz4bQf67CLwptQ9pwSXupKf7EKi9
NOTICE  07-17 19:07:23.166772 221772 f0   0    src/flamenco/runtime/fd_runtime.c(939): saved banks_hash 2wShZtcmkFfAEWwT1qQvfzBDzaKC2czFa1w1XwnY5yAX  poh_hash EAAhvv4ZXnTYDnM7RnFyQHMNZMHtaXqsj1QHY6HpWXyZ
WARNING 07-17 19:07:23.166778 221772 f0   0    src/flamenco/runtime/test_runtime.c(294): Bank hash mismatch! slot=9 expected=Ekr5MCxVHwXaNBXHRrECnQx7u4ExXqm28i3f9ZE4o4uo, got=2wShZtcmkFfAEWwT1qQvfzBDzaKC2czFa1w1XwnY5yAX
NOTICE  07-17 19:07:23.167060 221772 f0   0    src/flamenco/runtime/test_runtime.c(249): reading slot 10 (epoch 0)
NOTICE  07-17 19:07:23.167107 221772 f0   0    src/flamenco/runtime/sysvar/fd_sysvar_clock.c(154): stk: 1 0
NOTICE  07-17 19:07:23.167112 221772 f0   0    src/flamenco/runtime/sysvar/fd_sysvar_clock.c(155): clk.slot: 9, el.slot: 9, el.ts: 1681389381, sl_dur: 400000000 stk_w: 0, treap_sz: 0, estimate = 1681389381
NOTICE  07-17 19:07:23.167167 221772 f0   0    src/flamenco/runtime/fd_runtime.c(191): executing txn -  slot: 10, txn_idx_in_block: 1, mblk: 0, txn_idx: 0, sig: UuStKAJZXT4xumqQx9ypqEMFnL2MXdLWis3o4SkKa16qjjMaBZdc3BQfYRgsC8Le8LcwQwATRSmzUyYARqmNsa4
NOTICE  07-17 19:07:23.167675 221772 f0   0    src/flamenco/runtime/fd_runtime.c(939): saved banks_hash zigmzWLjm1HZUBQ1MmndppszMmidyjE68byVRYFEFWq  poh_hash 9o8jajwDNi3SRhyrDcdCyobViaLY6Uvm4QihTEV7rj6c
WARNING 07-17 19:07:23.167682 221772 f0   0    src/flamenco/runtime/test_runtime.c(294): Bank hash mismatch! slot=10 expected=CzpRsBLkDXi44TYqsfmfwd6kPk5rWSA5NhtYcr66HRs3, got=zigmzWLjm1HZUBQ1MmndppszMmidyjE68byVRYFEFWq
NOTICE  07-17 19:07:23.167919 221772 f0   0    src/flamenco/runtime/test_runtime.c(249): reading slot 11 (epoch 0)
NOTICE  07-17 19:07:23.167964 221772 f0   0    src/flamenco/runtime/sysvar/fd_sysvar_clock.c(154): stk: 1 0
NOTICE  07-17 19:07:23.167972 221772 f0   0    src/flamenco/runtime/sysvar/fd_sysvar_clock.c(155): clk.slot: 10, el.slot: 10, el.ts: 1681389381, sl_dur: 400000000 stk_w: 0, treap_sz: 0, estimate = 1681389381
NOTICE  07-17 19:07:23.168020 221772 f0   0    src/flamenco/runtime/fd_runtime.c(191): executing txn -  slot: 11, txn_idx_in_block: 1, mblk: 0, txn_idx: 0, sig: 2rtr6PwYHEshoc8whzgDVBf4GGZjyRHVYKH4iNohF31YWMqEVf9T3iu5tfWDwGcSqq2rKqAhekxWahEpUgQnQPDx
NOTICE  07-17 19:07:23.168522 221772 f0   0    src/flamenco/runtime/fd_runtime.c(939): saved banks_hash DUqZmymRvZPQX7poSE4HiW1a9RVuM746dL9GA2FoG4D9  poh_hash 4dNMNyg9qomYXFDaunDBwmv5gciNs1Cexk6pS91URm44
WARNING 07-17 19:07:23.168532 221772 f0   0    src/flamenco/runtime/test_runtime.c(294): Bank hash mismatch! slot=11 expected=5Ayrmm47kKn9DNTjmuQc7HDdWUa2RLEZs9d9YHjzetwf, got=DUqZmymRvZPQX7poSE4HiW1a9RVuM746dL9GA2FoG4D9
NOTICE  07-17 19:07:23.168812 221772 f0   0    src/flamenco/runtime/test_runtime.c(249): reading slot 12 (epoch 0)
NOTICE  07-17 19:07:23.168858 221772 f0   0    src/flamenco/runtime/sysvar/fd_sysvar_clock.c(154): stk: 1 0
NOTICE  07-17 19:07:23.168863 221772 f0   0    src/flamenco/runtime/sysvar/fd_sysvar_clock.c(155): clk.slot: 11, el.slot: 11, el.ts: 1681389382, sl_dur: 400000000 stk_w: 0, treap_sz: 0, estimate = 1681389382
NOTICE  07-17 19:07:23.168914 221772 f0   0    src/flamenco/runtime/fd_runtime.c(191): executing txn -  slot: 12, txn_idx_in_block: 1, mblk: 0, txn_idx: 0, sig: 6KzvDzfevcozC6oGDv4fqsQPSUJSUVeVQHCwezfoB3JGKNQ1PqCBsABcNb1C1Syxr8b4Hd1dSFLgiyZsyvtykz5
NOTICE  07-17 19:07:23.169422 221772 f0   0    src/flamenco/runtime/fd_runtime.c(939): saved banks_hash 7tSQcwTqN48WPgXPyLtWykTmhPNEQASsf7RrwZm4XqAh  poh_hash cXj27UYSWm5bhLFb8maGtwEy2gDjWPRAW27PzQzt8D7
WARNING 07-17 19:07:23.169432 221772 f0   0    src/flamenco/runtime/test_runtime.c(294): Bank hash mismatch! slot=12 expected=9xtLqrUCn8PtzaRJw3Z1bagU3byjnznGgUgmfGYLRi1d, got=7tSQcwTqN48WPgXPyLtWykTmhPNEQASsf7RrwZm4XqAh
NOTICE  07-17 19:07:23.169710 221772 f0   0    src/flamenco/runtime/test_runtime.c(249): reading slot 13 (epoch 0)
NOTICE  07-17 19:07:23.169756 221772 f0   0    src/flamenco/runtime/sysvar/fd_sysvar_clock.c(154): stk: 1 0
NOTICE  07-17 19:07:23.169761 221772 f0   0    src/flamenco/runtime/sysvar/fd_sysvar_clock.c(155): clk.slot: 12, el.slot: 12, el.ts: 1681389382, sl_dur: 400000000 stk_w: 0, treap_sz: 0, estimate = 1681389382
NOTICE  07-17 19:07:23.169813 221772 f0   0    src/flamenco/runtime/fd_runtime.c(191): executing txn -  slot: 13, txn_idx_in_block: 1, mblk: 0, txn_idx: 0, sig: 4jdV8Vz5BxPEkoVcx3gcLuBzYw9QHpdvKxeegNGWQau9qZPurL7CsobgTLPLdCs7cPu2LDYLibkr8ugsrpa3YFPv
NOTICE  07-17 19:07:23.170320 221772 f0   0    src/flamenco/runtime/fd_runtime.c(939): saved banks_hash GXiKR85gdAi3ZGwSXtWE5gop2av76ogFWSFh6FiMTmkw  poh_hash A77kDs92keNzNuyfuMVfzf2pr4h9xXJsZv2Z7RhAqhJV
WARNING 07-17 19:07:23.170331 221772 f0   0    src/flamenco/runtime/test_runtime.c(294): Bank hash mismatch! slot=13 expected=Hg5xdaH7KVJX5ghy1qsmn99dAyS7LteSKCcAAcb9F5az, got=GXiKR85gdAi3ZGwSXtWE5gop2av76ogFWSFh6FiMTmkw
NOTICE  07-17 19:07:23.170611 221772 f0   0    src/flamenco/runtime/test_runtime.c(249): reading slot 14 (epoch 0)
NOTICE  07-17 19:07:23.170657 221772 f0   0    src/flamenco/runtime/sysvar/fd_sysvar_clock.c(154): stk: 1 0
NOTICE  07-17 19:07:23.170662 221772 f0   0    src/flamenco/runtime/sysvar/fd_sysvar_clock.c(155): clk.slot: 13, el.slot: 13, el.ts: 1681389383, sl_dur: 400000000 stk_w: 0, treap_sz: 0, estimate = 1681389383
NOTICE  07-17 19:07:23.170711 221772 f0   0    src/flamenco/runtime/fd_runtime.c(191): executing txn -  slot: 14, txn_idx_in_block: 1, mblk: 0, txn_idx: 0, sig: 33nGGYuhCBV6A2iqBHQHEjoAPARgnMnxXf7LtDMhk17vDEGshg7dpiskrXah6WtY5njUDzN5k34Gw6vf8NAktWyw
NOTICE  07-17 19:07:23.171218 221772 f0   0    src/flamenco/runtime/fd_runtime.c(939): saved banks_hash Bdj6yfCg1bvJ4cYrv4dz7mBdyThYxFBeh65CZnChUGa7  poh_hash 77wLtqoRrmsz5XjuUMGTdVQZB6bz8GZtNiJU1QJipYoq
WARNING 07-17 19:07:23.171231 221772 f0   0    src/flamenco/runtime/test_runtime.c(294): Bank hash mismatch! slot=14 expected=F7d3KD76xqth5sesD8ak1TyW4qnnK1kc1gNP3PRkncVA, got=Bdj6yfCg1bvJ4cYrv4dz7mBdyThYxFBeh65CZnChUGa7
NOTICE  07-17 19:07:23.171519 221772 f0   0    src/flamenco/runtime/test_runtime.c(249): reading slot 15 (epoch 0)
NOTICE  07-17 19:07:23.171565 221772 f0   0    src/flamenco/runtime/sysvar/fd_sysvar_clock.c(154): stk: 1 0
NOTICE  07-17 19:07:23.171570 221772 f0   0    src/flamenco/runtime/sysvar/fd_sysvar_clock.c(155): clk.slot: 14, el.slot: 14, el.ts: 1681389383, sl_dur: 400000000 stk_w: 0, treap_sz: 0, estimate = 1681389383
NOTICE  07-17 19:07:23.171619 221772 f0   0    src/flamenco/runtime/fd_runtime.c(191): executing txn -  slot: 15, txn_idx_in_block: 1, mblk: 0, txn_idx: 0, sig: 4fcu74T4Akeo3v8r2nurYfTNpmS7qwFj3gS4STUFLtTeHVvy1uk1dez2SeGZoGVtqG7JB5GGkHqQgh1eUSRERnwg
NOTICE  07-17 19:07:23.172118 221772 f0   0    src/flamenco/runtime/fd_runtime.c(939): saved banks_hash 5dKdZQwo1BqzFVR5DeYQBb1LKka6vzjbYSRmmB4Uy1jb  poh_hash ARqZf7YfA6mnWA3YYRfcRfuy8Zd6W76GiGXMG68eGGYq
WARNING 07-17 19:07:23.172124 221772 f0   0    src/flamenco/runtime/test_runtime.c(294): Bank hash mismatch! slot=15 expected=c7RmgWJjHiV21euW25KtJEkskrV4kvFeQjEhaFX3r14, got=5dKdZQwo1BqzFVR5DeYQBb1LKka6vzjbYSRmmB4Uy1jb
NOTICE  07-17 19:07:23.172368 221772 f0   0    src/flamenco/runtime/test_runtime.c(249): reading slot 16 (epoch 0)
NOTICE  07-17 19:07:23.172415 221772 f0   0    src/flamenco/runtime/sysvar/fd_sysvar_clock.c(154): stk: 1 0
NOTICE  07-17 19:07:23.172424 221772 f0   0    src/flamenco/runtime/sysvar/fd_sysvar_clock.c(155): clk.slot: 15, el.slot: 15, el.ts: 1681389384, sl_dur: 400000000 stk_w: 0, treap_sz: 0, estimate = 1681389384
NOTICE  07-17 19:07:23.172471 221772 f0   0    src/flamenco/runtime/fd_runtime.c(191): executing txn -  slot: 16, txn_idx_in_block: 1, mblk: 0, txn_idx: 0, sig: 4DtyX61F44DvE3YdvAnKxqtoiQCyKPRdFYcMoqVcdHm4QJE2So69GEfQpZx1zfMYrRW4rCYLXyPF8A5tjR5uzLxz
NOTICE  07-17 19:07:23.172974 221772 f0   0    src/flamenco/runtime/fd_runtime.c(939): saved banks_hash Ci54DckMWRuUJHShnerJJDCrmj6eTDnJfQz8eTMUTndL  poh_hash CGSTVMgjK6z8vJrM9ZAn8yXGM4QajBUrRJxYQseLND7N
WARNING 07-17 19:07:23.172980 221772 f0   0    src/flamenco/runtime/test_runtime.c(294): Bank hash mismatch! slot=16 expected=2PaUsdjXnx8Zzcas7yFteDd9SguqB58HdSQkBUpY7tJe, got=Ci54DckMWRuUJHShnerJJDCrmj6eTDnJfQz8eTMUTndL
NOTICE  07-17 19:07:23.177480 221772 f0   0    src/flamenco/runtime/test_runtime.c(249): reading slot 17 (epoch 0)
NOTICE  07-17 19:07:23.177572 221772 f0   0    src/flamenco/runtime/sysvar/fd_sysvar_clock.c(154): stk: 1 0
NOTICE  07-17 19:07:23.177581 221772 f0   0    src/flamenco/runtime/sysvar/fd_sysvar_clock.c(155): clk.slot: 16, el.slot: 16, el.ts: 1681389385, sl_dur: 400000000 stk_w: 0, treap_sz: 0, estimate = 1681389385
NOTICE  07-17 19:07:23.177687 221772 f0   0    src/flamenco/runtime/fd_runtime.c(191): executing txn -  slot: 17, txn_idx_in_block: 1, mblk: 0, txn_idx: 0, sig: 2hE7img9z99SH1w2jE9Gh5qB4VooEVLoGkjvRuF4FTF5o9eBuUDJwExdNK2KCZj3uTSGkFB2vJGU4KbpTKdWEHXZ
NOTICE  07-17 19:07:23.178746 221772 f0   0    src/flamenco/runtime/fd_runtime.c(939): saved banks_hash 8t7fENLBCqhjUoX6aNFfhZh1FPKoY92ULMg6vPFtp2AQ  poh_hash Bd7SNAdkE3aJsg1gbM7h1EoH8wFEMpb96jzTpxFJzWD2
WARNING 07-17 19:07:23.178756 221772 f0   0    src/flamenco/runtime/test_runtime.c(294): Bank hash mismatch! slot=17 expected=9b8RBsseFqTxSaJLrDGsYvatBk6mbaDb8Gfh75fFfaUZ, got=8t7fENLBCqhjUoX6aNFfhZh1FPKoY92ULMg6vPFtp2AQ
NOTICE  07-17 19:07:23.179025 221772 f0   0    src/flamenco/runtime/test_runtime.c(249): reading slot 18 (epoch 0)
NOTICE  07-17 19:07:23.179072 221772 f0   0    src/flamenco/runtime/sysvar/fd_sysvar_clock.c(154): stk: 1 0
NOTICE  07-17 19:07:23.179077 221772 f0   0    src/flamenco/runtime/sysvar/fd_sysvar_clock.c(155): clk.slot: 17, el.slot: 17, el.ts: 1681389385, sl_dur: 400000000 stk_w: 0, treap_sz: 0, estimate = 1681389385
NOTICE  07-17 19:07:23.179128 221772 f0   0    src/flamenco/runtime/fd_runtime.c(191): executing txn -  slot: 18, txn_idx_in_block: 1, mblk: 0, txn_idx: 0, sig: 2ymLzChodXTjLtQhTA3DNZKzFCnrRxMyvtWT8HX4qW2BHRZMnybphNyXzaqe24zej8gLkrjixkgDPt2dAfFJozgv
NOTICE  07-17 19:07:23.179635 221772 f0   0    src/flamenco/runtime/fd_runtime.c(939): saved banks_hash HHSKtDn56mrR1j4SM3GUYhAWDMwTWzM5o9ykRRXdPptB  poh_hash G5YH3nskmTb2S1W9aXfvREiLFMZkF6rmstMGT9Gv2py7
WARNING 07-17 19:07:23.179644 221772 f0   0    src/flamenco/runtime/test_runtime.c(294): Bank hash mismatch! slot=18 expected=9o9RnFExq68mKTRo4svTZSauorX3howqJ2W6uTAGewNB, got=HHSKtDn56mrR1j4SM3GUYhAWDMwTWzM5o9ykRRXdPptB
NOTICE  07-17 19:07:23.179905 221772 f0   0    src/flamenco/runtime/test_runtime.c(249): reading slot 19 (epoch 0)
NOTICE  07-17 19:07:23.179949 221772 f0   0    src/flamenco/runtime/sysvar/fd_sysvar_clock.c(154): stk: 1 0
NOTICE  07-17 19:07:23.179954 221772 f0   0    src/flamenco/runtime/sysvar/fd_sysvar_clock.c(155): clk.slot: 18, el.slot: 18, el.ts: 1681389386, sl_dur: 400000000 stk_w: 0, treap_sz: 0, estimate = 1681389386
NOTICE  07-17 19:07:23.180009 221772 f0   0    src/flamenco/runtime/fd_runtime.c(191): executing txn -  slot: 19, txn_idx_in_block: 1, mblk: 0, txn_idx: 0, sig: 5SeVaGfAQcjjz3sf74fqYhFnXnkxcUVWYUVrwG6Swsj138ksGwZLza1wBd2Eg5CiNaKNiX9CDrSPtaWyqwi4XLwe
NOTICE  07-17 19:07:23.180513 221772 f0   0    src/flamenco/runtime/fd_runtime.c(939): saved banks_hash 2ainihwar9hAomYRBovrv4ktNgwUynij3j6PJSxGNVUf  poh_hash GyNeD7jyTTnmDWbEM6V7Gq8KxTd66vYGoBWU4D8786vE
WARNING 07-17 19:07:23.180523 221772 f0   0    src/flamenco/runtime/test_runtime.c(294): Bank hash mismatch! slot=19 expected=J7qJC3QTjoW4s1KoYtsbGn8JKFuESAVDPeNinwGTrgSc, got=2ainihwar9hAomYRBovrv4ktNgwUynij3j6PJSxGNVUf
NOTICE  07-17 19:07:23.180777 221772 f0   0    src/flamenco/runtime/test_runtime.c(249): reading slot 20 (epoch 0)
NOTICE  07-17 19:07:23.180820 221772 f0   0    src/flamenco/runtime/sysvar/fd_sysvar_clock.c(154): stk: 1 0
NOTICE  07-17 19:07:23.180825 221772 f0   0    src/flamenco/runtime/sysvar/fd_sysvar_clock.c(155): clk.slot: 19, el.slot: 19, el.ts: 1681389386, sl_dur: 400000000 stk_w: 0, treap_sz: 0, estimate = 1681389386
NOTICE  07-17 19:07:23.180874 221772 f0   0    src/flamenco/runtime/fd_runtime.c(191): executing txn -  slot: 20, txn_idx_in_block: 1, mblk: 0, txn_idx: 0, sig: 2vuorjAJQ27HTv7kgGHKXy79eVEUQoDiPHQdopX6ND1zfY22hJLa5nq225kuVzvo3FTjL4nbBa2FPXHxZiD3MH4V
NOTICE  07-17 19:07:23.181382 221772 f0   0    src/flamenco/runtime/fd_runtime.c(939): saved banks_hash 7K1Zq5GvBoD78dEYyK43iTwAuoHSvo9i5vc8Jwu8Yeuu  poh_hash 8c8xzJYTXhbUKdkhmjRHTCkPcN6adBF4CC2DPhXMmic1
WARNING 07-17 19:07:23.181391 221772 f0   0    src/flamenco/runtime/test_runtime.c(294): Bank hash mismatch! slot=20 expected=EwdwdVD8i51mu54uKekGHgTTozue3BGMETGGLi6TGvTH, got=7K1Zq5GvBoD78dEYyK43iTwAuoHSvo9i5vc8Jwu8Yeuu
NOTICE  07-17 19:07:23.232302 221772 f0   0    src/flamenco/runtime/test_runtime.c(249): reading slot 21 (epoch 0)
NOTICE  07-17 19:07:23.232397 221772 f0   0    src/flamenco/runtime/sysvar/fd_sysvar_clock.c(154): stk: 1 0
NOTICE  07-17 19:07:23.232406 221772 f0   0    src/flamenco/runtime/sysvar/fd_sysvar_clock.c(155): clk.slot: 20, el.slot: 20, el.ts: 1681389387, sl_dur: 400000000 stk_w: 0, treap_sz: 0, estimate = 1681389387
NOTICE  07-17 19:07:23.232503 221772 f0   0    src/flamenco/runtime/fd_runtime.c(191): executing txn -  slot: 21, txn_idx_in_block: 1, mblk: 0, txn_idx: 0, sig: 5HUZefWovwPZjD5CtbJgLn3G33iZzKYxRph9PDu2N25tGU5K5x5vuU42vPMz46yLEBppN3T62wMoZnJzkFGpSt3s
NOTICE  07-17 19:07:23.233608 221772 f0   0    src/flamenco/runtime/fd_runtime.c(939): saved banks_hash 93PDmD6zHfNNrcnuhRyFkadcNPFa2dYChfoqDjQHhr2q  poh_hash DSs8qbTpQZkg15Zozcuke6jVTJSpbLWeEbDrr2f8Whrv
WARNING 07-17 19:07:23.233630 221772 f0   0    src/flamenco/runtime/test_runtime.c(294): Bank hash mismatch! slot=21 expected=6AjWQpr9Vu1B6pfxKQfVr5NivMznqC3w9vE1xmi5DHCd, got=93PDmD6zHfNNrcnuhRyFkadcNPFa2dYChfoqDjQHhr2q
NOTICE  07-17 19:07:23.233917 221772 f0   0    src/flamenco/runtime/test_runtime.c(249): reading slot 22 (epoch 0)
NOTICE  07-17 19:07:23.233961 221772 f0   0    src/flamenco/runtime/sysvar/fd_sysvar_clock.c(154): stk: 1 0
NOTICE  07-17 19:07:23.233966 221772 f0   0    src/flamenco/runtime/sysvar/fd_sysvar_clock.c(155): clk.slot: 21, el.slot: 21, el.ts: 1681389387, sl_dur: 400000000 stk_w: 0, treap_sz: 0, estimate = 1681389387
NOTICE  07-17 19:07:23.234017 221772 f0   0    src/flamenco/runtime/fd_runtime.c(191): executing txn -  slot: 22, txn_idx_in_block: 1, mblk: 0, txn_idx: 0, sig: 29e197igq5c4S6dPs8rogbUHZtcAndjdqzRCHWeZuoGHUv9rhwz4iuzgpozVEsnKcppYFRXEVghm9WUH4NM2s8Do
NOTICE  07-17 19:07:23.234525 221772 f0   0    src/flamenco/runtime/fd_runtime.c(939): saved banks_hash 4z8dKwcGyqcUiUQRZTBgFpnnXU2a4vouoJjT5fLGkzey  poh_hash 6mEohb5vna7JxoBoneLBiJvEME4SZxYQtzmMx9PQ48MN
WARNING 07-17 19:07:23.234535 221772 f0   0    src/flamenco/runtime/test_runtime.c(294): Bank hash mismatch! slot=22 expected=HwtxeLYH6jJH4wv4uYeTr7LR4jrytxyS9nUSc8RtvWKr, got=4z8dKwcGyqcUiUQRZTBgFpnnXU2a4vouoJjT5fLGkzey
NOTICE  07-17 19:07:23.234788 221772 f0   0    src/flamenco/runtime/test_runtime.c(249): reading slot 23 (epoch 0)
NOTICE  07-17 19:07:23.234832 221772 f0   0    src/flamenco/runtime/sysvar/fd_sysvar_clock.c(154): stk: 1 0
NOTICE  07-17 19:07:23.234837 221772 f0   0    src/flamenco/runtime/sysvar/fd_sysvar_clock.c(155): clk.slot: 22, el.slot: 22, el.ts: 1681389388, sl_dur: 400000000 stk_w: 0, treap_sz: 0, estimate = 1681389388
NOTICE  07-17 19:07:23.234888 221772 f0   0    src/flamenco/runtime/fd_runtime.c(191): executing txn -  slot: 23, txn_idx_in_block: 1, mblk: 0, txn_idx: 0, sig: 4CkQ5xqg58iSqkZmBUXqdX2y5kGGjX4iRdRmcYbFuwGsDwi337z1SxN344XoM8RZJNxp9ywLD783BCBjuSxQHHAi
NOTICE  07-17 19:07:23.235389 221772 f0   0    src/flamenco/runtime/fd_runtime.c(939): saved banks_hash 4gEj7WoAQzEFXH3VHXNhmZdXbJT7oz8pSMirUACVw6Kh  poh_hash EfBSJphM7FSCpGPqLScz6kkKF56WLVZMoLTFBoJoiyQP
WARNING 07-17 19:07:23.235399 221772 f0   0    src/flamenco/runtime/test_runtime.c(294): Bank hash mismatch! slot=23 expected=CvgPeR54qpVRZGBuiQztGXecxSXREPfTF8wALujK4WdE, got=4gEj7WoAQzEFXH3VHXNhmZdXbJT7oz8pSMirUACVw6Kh
NOTICE  07-17 19:07:23.235656 221772 f0   0    src/flamenco/runtime/test_runtime.c(249): reading slot 24 (epoch 0)
NOTICE  07-17 19:07:23.235699 221772 f0   0    src/flamenco/runtime/sysvar/fd_sysvar_clock.c(154): stk: 1 0
NOTICE  07-17 19:07:23.235704 221772 f0   0    src/flamenco/runtime/sysvar/fd_sysvar_clock.c(155): clk.slot: 23, el.slot: 23, el.ts: 1681389389, sl_dur: 400000000 stk_w: 0, treap_sz: 0, estimate = 1681389389
NOTICE  07-17 19:07:23.235753 221772 f0   0    src/flamenco/runtime/fd_runtime.c(191): executing txn -  slot: 24, txn_idx_in_block: 1, mblk: 0, txn_idx: 0, sig: daXodNASXSjxKbEPxkUuDVK74WdGMvaRxtBwPWWYbygSAi2BCJSJXNNyvEs6aUsvuqvbniyazbLFEiLPJH2ntaC
NOTICE  07-17 19:07:23.286421 221772 f0   0    src/flamenco/runtime/fd_runtime.c(939): saved banks_hash 9FZH1HsrEYcDGCLgNPwJJAFxtFAQoonPVgYv6kUtAmww  poh_hash G4YL2SieHDGNZGjiwBsJESK7jMDfazg33ievuCwbkjrv
WARNING 07-17 19:07:23.286442 221772 f0   0    src/flamenco/runtime/test_runtime.c(294): Bank hash mismatch! slot=24 expected=AsHedZaZkabNtB8XBiKWQkKwaeLy2y4Hrqm6MkQALT5h, got=9FZH1HsrEYcDGCLgNPwJJAFxtFAQoonPVgYv6kUtAmww
ERR     07-17 19:07:23.286812 221772 f0   0    src/flamenco/runtime/test_runtime.c(495): FAIL: memcmp(h, &state.global->bank.banks_hash, sizeof(h)) == 0
Log at "/tmp/fd-0.0.0_221772_jsiegel_emch-ossdev-firedancer6_2023_07_17_19_07_22_782643701_GMT+00"
+ status=1
+ '[' 1 -ne 0 ']'
+ echo 'ledger test failed'
ledger test failed
+ exit 1
make: *** [Makefile:69: run-runtime-test] Error 1
make: Leaving directory '/data/jsiegel/repos/firedancer-private'
[jsiegel@emch-ossdev-firedancer6 ~/repos/firedancer](collector)
